modules: uniequip_002_mm
modules: uniequip_003_mgllan
